Release 14.7 - xst P.20131013 (nt)
Copyright (c) 1995-2013 Xilinx, Inc.  All rights reserved.
--> Parameter TMPDIR set to xst/projnav.tmp


Total REAL time to Xst completion: 0.00 secs
Total CPU time to Xst completion: 0.32 secs
 
--> Parameter xsthdpdir set to xst


Total REAL time to Xst completion: 0.00 secs
Total CPU time to Xst completion: 0.32 secs
 
--> Reading design: LED_DRIVE.prj

TABLE OF CONTENTS
  1) Synthesis Options Summary
  2) HDL Parsing
  3) HDL Elaboration
  4) HDL Synthesis
       4.1) HDL Synthesis Report
  5) Advanced HDL Synthesis
       5.1) Advanced HDL Synthesis Report
  6) Low Level Synthesis
  7) Partition Report
  8) Design Summary
       8.1) Primitive and Black Box Usage
       8.2) Device utilization summary
       8.3) Partition Resource Summary
       8.4) Timing Report
            8.4.1) Clock Information
            8.4.2) Asynchronous Control Signals Information
            8.4.3) Timing Summary
            8.4.4) Timing Details
            8.4.5) Cross Clock Domains Report


=========================================================================
*                      Synthesis Options Summary                        *
=========================================================================
---- Source Parameters
Input File Name                    : "LED_DRIVE.prj"
Ignore Synthesis Constraint File   : NO

---- Target Parameters
Output File Name                   : "LED_DRIVE"
Output Format                      : NGC
Target Device                      : xc6slx9-3-tqg144

---- Source Options
Top Module Name                    : LED_DRIVE
Automatic FSM Extraction           : YES
FSM Encoding Algorithm             : Auto
Safe Implementation                : No
FSM Style                          : LUT
RAM Extraction                     : Yes
RAM Style                          : Auto
ROM Extraction                     : Yes
Shift Register Extraction          : YES
ROM Style                          : Auto
Resource Sharing                   : YES
Asynchronous To Synchronous        : NO
Shift Register Minimum Size        : 2
Use DSP Block                      : Auto
Automatic Register Balancing       : No

---- Target Options
LUT Combining                      : Auto
Reduce Control Sets                : Auto
Add IO Buffers                     : YES
Global Maximum Fanout              : 100000
Add Generic Clock Buffer(BUFG)     : 16
Register Duplication               : YES
Optimize Instantiated Primitives   : NO
Use Clock Enable                   : Auto
Use Synchronous Set                : Auto
Use Synchronous Reset              : Auto
Pack IO Registers into IOBs        : Auto
Equivalent register Removal        : YES

---- General Options
Optimization Goal                  : Speed
Optimization Effort                : 1
Power Reduction                    : NO
Keep Hierarchy                     : No
Netlist Hierarchy                  : As_Optimized
RTL Output                         : Yes
Global Optimization                : AllClockNets
Read Cores                         : YES
Write Timing Constraints           : NO
Cross Clock Analysis               : NO
Hierarchy Separator                : /
Bus Delimiter                      : <>
Case Specifier                     : Maintain
Slice Utilization Ratio            : 100
BRAM Utilization Ratio             : 100
DSP48 Utilization Ratio            : 100
Auto BRAM Packing                  : NO
Slice Utilization Ratio Delta      : 5

=========================================================================


=========================================================================
*                          HDL Parsing                                  *
=========================================================================
Parsing VHDL file "A:\ise\newPro\LED_DRIVE.vhd" into library work
Parsing entity <LED_DRIVE>.
Parsing architecture <Behavioral> of entity <led_drive>.

=========================================================================
*                            HDL Elaboration                            *
=========================================================================

Elaborating entity <LED_DRIVE> (architecture <Behavioral>) from library <work>.

=========================================================================
*                           HDL Synthesis                               *
=========================================================================

Synthesizing Unit <LED_DRIVE>.
    Related source file is "A:\ise\newPro\LED_DRIVE.vhd".
    Found 1-bit register for signal <out_data>.
    Found 32-bit register for signal <counter>.
    Found 1-bit register for signal <latch>.
    Found 32-bit adder for signal <counter[31]_GND_5_o_add_2_OUT> created at line 70.
    Found 1-bit 16-to-1 multiplexer for signal <out_data_counter[3]_MUX_49_o> created at line 69.
    Summary:
	inferred   1 Adder/Subtractor(s).
	inferred  34 D-type flip-flop(s).
	inferred   1 Multiplexer(s).
Unit <LED_DRIVE> synthesized.

=========================================================================
HDL Synthesis Report

Macro Statistics
# Adders/Subtractors                                   : 1
 32-bit adder                                          : 1
# Registers                                            : 3
 1-bit register                                        : 2
 32-bit register                                       : 1
# Multiplexers                                         : 1
 1-bit 16-to-1 multiplexer                             : 1

=========================================================================

=========================================================================
*                       Advanced HDL Synthesis                          *
=========================================================================


Synthesizing (advanced) Unit <LED_DRIVE>.
The following registers are absorbed into counter <counter>: 1 register on signal <counter>.
Unit <LED_DRIVE> synthesized (advanced).

=========================================================================
Advanced HDL Synthesis Report

Macro Statistics
# Adders/Subtractors                                   : 1
 32-bit adder                                          : 1
# Counters                                             : 1
 32-bit up counter                                     : 1
# Registers                                            : 2
 Flip-Flops                                            : 2
# Multiplexers                                         : 1
 1-bit 16-to-1 multiplexer                             : 1

=========================================================================

=========================================================================
*                         Low Level Synthesis                           *
=========================================================================

Optimizing unit <LED_DRIVE> ...
WARNING:Xst:1293 - FF/Latch <counter_31> has a constant value of 0 in block <LED_DRIVE>. This FF/Latch will be trimmed during the optimization process.
WARNING:Xst:1896 - Due to other FF/Latch trimming, FF/Latch <counter_30> has a constant value of 0 in block <LED_DRIVE>. This FF/Latch will be trimmed during the optimization process.
WARNING:Xst:1896 - Due to other FF/Latch trimming, FF/Latch <counter_29> has a constant value of 0 in block <LED_DRIVE>. This FF/Latch will be trimmed during the optimization process.
WARNING:Xst:1896 - Due to other FF/Latch trimming, FF/Latch <counter_28> has a constant value of 0 in block <LED_DRIVE>. This FF/Latch will be trimmed during the optimization process.
WARNING:Xst:1896 - Due to other FF/Latch trimming, FF/Latch <counter_27> has a constant value of 0 in block <LED_DRIVE>. This FF/Latch will be trimmed during the optimization process.
WARNING:Xst:1896 - Due to other FF/Latch trimming, FF/Latch <counter_26> has a constant value of 0 in block <LED_DRIVE>. This FF/Latch will be trimmed during the optimization process.
WARNING:Xst:1896 - Due to other FF/Latch trimming, FF/Latch <counter_25> has a constant value of 0 in block <LED_DRIVE>. This FF/Latch will be trimmed during the optimization process.
WARNING:Xst:1896 - Due to other FF/Latch trimming, FF/Latch <counter_24> has a constant value of 0 in block <LED_DRIVE>. This FF/Latch will be trimmed during the optimization process.
WARNING:Xst:1896 - Due to other FF/Latch trimming, FF/Latch <counter_23> has a constant value of 0 in block <LED_DRIVE>. This FF/Latch will be trimmed during the optimization process.
WARNING:Xst:1896 - Due to other FF/Latch trimming, FF/Latch <counter_22> has a constant value of 0 in block <LED_DRIVE>. This FF/Latch will be trimmed during the optimization process.
WARNING:Xst:1896 - Due to other FF/Latch trimming, FF/Latch <counter_21> has a constant value of 0 in block <LED_DRIVE>. This FF/Latch will be trimmed during the optimization process.
WARNING:Xst:1896 - Due to other FF/Latch trimming, FF/Latch <counter_20> has a constant value of 0 in block <LED_DRIVE>. This FF/Latch will be trimmed during the optimization process.
WARNING:Xst:1896 - Due to other FF/Latch trimming, FF/Latch <counter_19> has a constant value of 0 in block <LED_DRIVE>. This FF/Latch will be trimmed during the optimization process.
WARNING:Xst:1896 - Due to other FF/Latch trimming, FF/Latch <counter_18> has a constant value of 0 in block <LED_DRIVE>. This FF/Latch will be trimmed during the optimization process.
WARNING:Xst:1896 - Due to other FF/Latch trimming, FF/Latch <counter_17> has a constant value of 0 in block <LED_DRIVE>. This FF/Latch will be trimmed during the optimization process.
WARNING:Xst:1896 - Due to other FF/Latch trimming, FF/Latch <counter_16> has a constant value of 0 in block <LED_DRIVE>. This FF/Latch will be trimmed during the optimization process.
WARNING:Xst:1896 - Due to other FF/Latch trimming, FF/Latch <counter_15> has a constant value of 0 in block <LED_DRIVE>. This FF/Latch will be trimmed during the optimization process.
WARNING:Xst:1896 - Due to other FF/Latch trimming, FF/Latch <counter_14> has a constant value of 0 in block <LED_DRIVE>. This FF/Latch will be trimmed during the optimization process.
WARNING:Xst:1896 - Due to other FF/Latch trimming, FF/Latch <counter_13> has a constant value of 0 in block <LED_DRIVE>. This FF/Latch will be trimmed during the optimization process.
WARNING:Xst:1896 - Due to other FF/Latch trimming, FF/Latch <counter_12> has a constant value of 0 in block <LED_DRIVE>. This FF/Latch will be trimmed during the optimization process.
WARNING:Xst:1896 - Due to other FF/Latch trimming, FF/Latch <counter_11> has a constant value of 0 in block <LED_DRIVE>. This FF/Latch will be trimmed during the optimization process.
WARNING:Xst:1896 - Due to other FF/Latch trimming, FF/Latch <counter_10> has a constant value of 0 in block <LED_DRIVE>. This FF/Latch will be trimmed during the optimization process.
WARNING:Xst:1896 - Due to other FF/Latch trimming, FF/Latch <counter_9> has a constant value of 0 in block <LED_DRIVE>. This FF/Latch will be trimmed during the optimization process.
WARNING:Xst:1896 - Due to other FF/Latch trimming, FF/Latch <counter_8> has a constant value of 0 in block <LED_DRIVE>. This FF/Latch will be trimmed during the optimization process.
WARNING:Xst:1896 - Due to other FF/Latch trimming, FF/Latch <counter_7> has a constant value of 0 in block <LED_DRIVE>. This FF/Latch will be trimmed during the optimization process.
WARNING:Xst:1896 - Due to other FF/Latch trimming, FF/Latch <counter_6> has a constant value of 0 in block <LED_DRIVE>. This FF/Latch will be trimmed during the optimization process.
WARNING:Xst:1896 - Due to other FF/Latch trimming, FF/Latch <counter_5> has a constant value of 0 in block <LED_DRIVE>. This FF/Latch will be trimmed during the optimization process.
WARNING:Xst:1896 - Due to other FF/Latch trimming, FF/Latch <counter_4> has a constant value of 0 in block <LED_DRIVE>. This FF/Latch will be trimmed during the optimization process.

Mapping all equations...
Building and optimizing final netlist ...
Found area constraint ratio of 100 (+ 5) on block LED_DRIVE, actual ratio is 0.

Final Macro Processing ...

=========================================================================
Final Register Report

Macro Statistics
# Registers                                            : 6
 Flip-Flops                                            : 6

=========================================================================

=========================================================================
*                           Partition Report                            *
=========================================================================

Partition Implementation Status
-------------------------------

  No Partitions were found in this design.

-------------------------------

=========================================================================
*                            Design Summary                             *
=========================================================================

Top Level Output File Name         : LED_DRIVE.ngc

Primitive and Black Box Usage:
------------------------------
# BELS                             : 38
#      GND                         : 1
#      INV                         : 2
#      LUT1                        : 6
#      LUT5                        : 1
#      LUT6                        : 8
#      MUXCY                       : 7
#      MUXF7                       : 2
#      MUXF8                       : 1
#      VCC                         : 1
#      XORCY                       : 9
# FlipFlops/Latches                : 6
#      FD                          : 6
# Clock Buffers                    : 1
#      BUFGP                       : 1
# IO Buffers                       : 18
#      IBUF                        : 16
#      OBUF                        : 2

Device utilization summary:
---------------------------

Selected Device : 6slx9tqg144-3 


Slice Logic Utilization: 
 Number of Slice Registers:               6  out of  11440     0%  
 Number of Slice LUTs:                   17  out of   5720     0%  
    Number used as Logic:                17  out of   5720     0%  

Slice Logic Distribution: 
 Number of LUT Flip Flop pairs used:     18
   Number with an unused Flip Flop:      12  out of     18    66%  
   Number with an unused LUT:             1  out of     18     5%  
   Number of fully used LUT-FF pairs:     5  out of     18    27%  
   Number of unique control sets:         1

IO Utilization: 
 Number of IOs:                          19
 Number of bonded IOBs:                  19  out of    102    18%  

Specific Feature Utilization:
 Number of BUFG/BUFGCTRLs:                1  out of     16     6%  

---------------------------
Partition Resource Summary:
---------------------------

  No Partitions were found in this design.

---------------------------


=========================================================================
Timing Report

NOTE: THESE TIMING NUMBERS ARE ONLY A SYNTHESIS ESTIMATE.
      FOR ACCURATE TIMING INFORMATION PLEASE REFER TO THE TRACE REPORT
      GENERATED AFTER PLACE-and-ROUTE.

Clock Information:
------------------
-----------------------------------+------------------------+-------+
Clock Signal                       | Clock buffer(FF name)  | Load  |
-----------------------------------+------------------------+-------+
clk                                | BUFGP                  | 6     |
-----------------------------------+------------------------+-------+

Asynchronous Control Signals Information:
----------------------------------------
No asynchronous control signals found in this design

Timing Summary:
---------------
Speed Grade: -3

   Minimum period: 3.018ns (Maximum Frequency: 331.373MHz)
   Minimum input arrival time before clock: 2.646ns
   Maximum output required time after clock: 3.597ns
   Maximum combinational path delay: No path found

Timing Details:
---------------
All values displayed in nanoseconds (ns)

=========================================================================
Timing constraint: Default period analysis for Clock 'clk'
  Clock period: 3.018ns (frequency: 331.373MHz)
  Total number of paths / destination ports: 91 / 6
-------------------------------------------------------------------------
Delay:               3.018ns (Levels of Logic = 5)
  Source:            counter_0 (FF)
  Destination:       latch (FF)
  Source Clock:      clk rising
  Destination Clock: clk rising

  Data Path: counter_0 to latch
                                Gate     Net
    Cell:in->out      fanout   Delay   Delay  Logical Name (Net Name)
    ----------------------------------------  ------------
     FD:C->Q               6   0.447   0.744  counter_0 (counter_0)
     INV:I->O              1   0.206   0.000  Madd_counter[31]_GND_5_o_add_2_OUT_lut<0>_INV_0 (Madd_counter[31]_GND_5_o_add_2_OUT_lut<0>)
     MUXCY:S->O            1   0.172   0.000  Madd_counter[31]_GND_5_o_add_2_OUT_cy<0> (Madd_counter[31]_GND_5_o_add_2_OUT_cy<0>)
     MUXCY:CI->O           1   0.019   0.000  Madd_counter[31]_GND_5_o_add_2_OUT_cy<1> (Madd_counter[31]_GND_5_o_add_2_OUT_cy<1>)
     XORCY:CI->O           5   0.180   0.943  Madd_counter[31]_GND_5_o_add_2_OUT_xor<2> (counter[31]_GND_5_o_add_2_OUT<2>)
     LUT5:I2->O            1   0.205   0.000  latch_rstpot1 (latch_rstpot)
     FD:D                      0.102          latch
    ----------------------------------------
    Total                      3.018ns (1.331ns logic, 1.687ns route)
                                       (44.1% logic, 55.9% route)

=========================================================================
Timing constraint: Default OFFSET IN BEFORE for Clock 'clk'
  Total number of paths / destination ports: 16 / 1
-------------------------------------------------------------------------
Offset:              2.646ns (Levels of Logic = 4)
  Source:            DATA_16BIT<6> (PAD)
  Destination:       out_data (FF)
  Destination Clock: clk rising

  Data Path: DATA_16BIT<6> to out_data
                                Gate     Net
    Cell:in->out      fanout   Delay   Delay  Logical Name (Net Name)
    ----------------------------------------  ------------
     IBUF:I->O             1   1.222   0.827  DATA_16BIT_6_IBUF (DATA_16BIT_6_IBUF)
     LUT6:I2->O            1   0.203   0.000  Mmux_out_data_counter[3]_MUX_49_o_4 (Mmux_out_data_counter[3]_MUX_49_o_4)
     MUXF7:I1->O           1   0.140   0.000  Mmux_out_data_counter[3]_MUX_49_o_3_f7 (Mmux_out_data_counter[3]_MUX_49_o_3_f7)
     MUXF8:I1->O           1   0.152   0.000  Mmux_out_data_counter[3]_MUX_49_o_2_f8 (out_data_counter[3]_MUX_49_o)
     FD:D                      0.102          out_data
    ----------------------------------------
    Total                      2.646ns (1.819ns logic, 0.827ns route)
                                       (68.7% logic, 31.3% route)

=========================================================================
Timing constraint: Default OFFSET OUT AFTER for Clock 'clk'
  Total number of paths / destination ports: 2 / 2
-------------------------------------------------------------------------
Offset:              3.597ns (Levels of Logic = 1)
  Source:            latch (FF)
  Destination:       latch (PAD)
  Source Clock:      clk rising

  Data Path: latch to latch
                                Gate     Net
    Cell:in->out      fanout   Delay   Delay  Logical Name (Net Name)
    ----------------------------------------  ------------
     FD:C->Q               1   0.447   0.579  latch (latch_OBUF)
     OBUF:I->O                 2.571          latch_OBUF (latch)
    ----------------------------------------
    Total                      3.597ns (3.018ns logic, 0.579ns route)
                                       (83.9% logic, 16.1% route)

=========================================================================

Cross Clock Domains Report:
--------------------------

Clock to Setup on destination clock clk
---------------+---------+---------+---------+---------+
               | Src:Rise| Src:Fall| Src:Rise| Src:Fall|
Source Clock   |Dest:Rise|Dest:Rise|Dest:Fall|Dest:Fall|
---------------+---------+---------+---------+---------+
clk            |    3.018|         |         |         |
---------------+---------+---------+---------+---------+

=========================================================================


Total REAL time to Xst completion: 12.00 secs
Total CPU time to Xst completion: 12.57 secs
 
--> 

Total memory usage is 206864 kilobytes

Number of errors   :    0 (   0 filtered)
Number of warnings :   28 (   0 filtered)
Number of infos    :    0 (   0 filtered)

