V3 3
FL A:/ise/carryLookEhead/carry_lookahead_adder.vhd 2016/12/15.23:20:24 P.20131013
EN work/carry_lookahead_adder 1481831447 \
      FL A:/ise/carryLookEhead/carry_lookahead_adder.vhd PB ieee/std_logic_1164 1381692176
AR work/carry_lookahead_adder/Behavioral 1481831448 \
      FL A:/ise/carryLookEhead/carry_lookahead_adder.vhd \
      EN work/carry_lookahead_adder 1481831447
